// Jest Snapshot v1, https://goo.gl/fbAQLP

exports[`ErrorAlerts renders correctly 1`] = `<Fragment />`;
