// Jest Snapshot v1, https://goo.gl/fbAQLP

exports[`Footer renders vcLinks, when isAuthenticated is true, and isStartup is false 1`] = `
<footer
  className="page-footer blue"
>
  <div
    className="container"
  >
    <div
      className="row"
    >
      <div
        className="col l6 s12"
      >
        <h5
          className="white-text"
        >
          Tracksy
        </h5>
        <p
          className="grey-text text-lighten-4"
        >
          Relationship Management.
        </p>
      </div>
    </div>
  </div>
  <div
    className="footer-copyright"
  >
    <div
      className="container"
    >
      Â© 2020 Tracksy Copyright
    </div>
  </div>
</footer>
`;
