// Jest Snapshot v1, https://goo.gl/fbAQLP

exports[`MessageAlerts renders correctly 1`] = `<Fragment />`;
