// Jest Snapshot v1, https://goo.gl/fbAQLP

exports[`Register redirects to home page if isAuthenticated is true  1`] = `
<Redirect
  to="/"
/>
`;

exports[`Register shows the reigstration form  1`] = `
<div>
  <section
    className="section section-login"
  >
    <div
      className="form-container"
    >
      <div
        className="row"
      >
        <div
          className="col s12 m8 offset-m2 l6 offset-l3"
        >
          <div
            className="card-panel login blue white-text center"
          >
            <h2>
              Register
            </h2>
            <form
              onSubmit={[Function]}
            >
              <InputFieldWithIconPrefix
                iconName="account_box"
                id="username"
                name="User Name"
                required={true}
                setFunction={[Function]}
                type="text"
                value=""
              />
              <InputFieldWithIconPrefix
                iconName="email"
                id="email"
                name="Email Address"
                required={true}
                setFunction={[Function]}
                type="email"
                value=""
              />
              <InputFieldWithIconPrefix
                iconName="lock"
                id="password"
                minLength="6"
                name="Password"
                required={true}
                setFunction={[Function]}
                type="password"
                value=""
              />
              <InputFieldWithIconPrefix
                iconName="lock"
                id="password2"
                minLength="6"
                name="Password"
                required={true}
                setFunction={[Function]}
                type="password"
                value=""
              />
              <button
                className="btn  #546e7a blue-grey darken-1 waves-effect waves-light"
                id="registerSubmitButton"
                type="submit"
              >
                Register
              </button>
              <p>
                Already have an account?
                 
                <Link
                  style={
                    Object {
                      "color": "#FFF",
                    }
                  }
                  to="/login"
                >
                  Login
                </Link>
              </p>
            </form>
          </div>
        </div>
      </div>
    </div>
  </section>
</div>
`;
